// Jest Snapshot v1, https://goo.gl/fbAQLP

exports[`Test the calculator ui component 1`] = `
<div
  className="cal-wrapper"
>
  <h2
    className="cal-title"
  >
    Let's do some math!
  </h2>
  <div
    className="main-container"
  >
    <div
      className="cal-container"
    >
      <div
        className="output"
      >
        <div
          className="display"
        >
          0
           
           
        </div>
      </div>
      <button
        className="keypad"
        onClick={[Function]}
        type="button"
        value="AC"
      >
        AC
      </button>
      <button
        className="keypad"
        onClick={[Function]}
        type="button"
        value="+/-"
      >
        +/-
      </button>
      <button
        className="keypad"
        onClick={[Function]}
        type="button"
        value="%"
      >
        %
      </button>
      <button
        className="keypad last-col"
        onClick={[Function]}
        type="button"
        value="รท"
      >
        รท
      </button>
      <button
        className="keypad"
        onClick={[Function]}
        type="button"
        value="7"
      >
        7
      </button>
      <button
        className="keypad"
        onClick={[Function]}
        type="button"
        value="8"
      >
        8
      </button>
      <button
        className="keypad"
        onClick={[Function]}
        type="button"
        value="9"
      >
        9
      </button>
      <button
        className="keypad last-col"
        onClick={[Function]}
        type="button"
        value="x"
      >
        x
      </button>
      <button
        className="keypad"
        onClick={[Function]}
        type="button"
        value="4"
      >
        4
      </button>
      <button
        className="keypad"
        onClick={[Function]}
        type="button"
        value="5"
      >
        5
      </button>
      <button
        className="keypad"
        onClick={[Function]}
        type="button"
        value="6"
      >
        6
      </button>
      <button
        className="keypad last-col"
        onClick={[Function]}
        type="button"
        value="-"
      >
        -
      </button>
      <button
        className="keypad"
        onClick={[Function]}
        type="button"
        value="1"
      >
        1
      </button>
      <button
        className="keypad"
        onClick={[Function]}
        type="button"
        value="2"
      >
        2
      </button>
      <button
        className="keypad"
        onClick={[Function]}
        type="button"
        value="3"
      >
        3
      </button>
      <button
        className="keypad last-col"
        onClick={[Function]}
        type="button"
        value="+"
      >
        +
      </button>
      <button
        className="keypad num-zero"
        onClick={[Function]}
        type="button"
        value="0"
      >
        0
      </button>
      <button
        className="keypad"
        onClick={[Function]}
        type="button"
        value="."
      >
        .
      </button>
      <button
        className="keypad last-col"
        onClick={[Function]}
        type="button"
        value="="
      >
        =
      </button>
    </div>
  </div>
</div>
`;
